// Jest Snapshot v1, https://goo.gl/fbAQLP

exports[`Some component renders correctly 1`] = `
<View>
  <Text
    style={
      Object {
        "fontSize": 18,
      }
    }
  >
    AAAAA
  </Text>
</View>
`;
